// Jest Snapshot v1, https://goo.gl/fbAQLP

exports[`renders App Screen 1`] = `null`;
